// Jest Snapshot v1, https://goo.gl/fbAQLP

exports[`TextInput TextInput is rendered correctly 1`] = `<input placeholder="" type="text" class="text-input">`;
