// Jest Snapshot v1, https://goo.gl/fbAQLP

exports[`Button Button is rendered correctly 1`] = `<button class="b-btn"></button>`;
