// Jest Snapshot v1, https://goo.gl/fbAQLP

exports[`Checkbox Checkbox is rendered correctly 1`] = `<label class="checkbox"><input type="checkbox" class="checkbox__input" value="false"> <span>check box</span></label>`;
